// Jest Snapshot v1, https://goo.gl/fbAQLP

exports[`<Search /> Search component matches snapshot 1`] = `
<form
  className="Search-root-79"
  noValidate={true}
  onSubmit={[Function]}
>
  <div
    className="Search-container-81"
  >
    <div
      className="MuiFormControl-root-1 Search-inputContainer-82"
    >
      <div
        className="MuiFormControl-root-1 Search-search-83"
      >
        <label
          className="MuiFormLabel-root-16 MuiInputLabel-root-5 MuiInputLabel-formControl-10 MuiInputLabel-animated-13 MuiInputLabel-shrink-12 MuiInputLabel-outlined-15"
          data-shrink={true}
        >
          Search in PubMed
        </label>
        <div
          className="MuiInputBase-root-36 MuiOutlinedInput-root-23 MuiInputBase-formControl-37 MuiInputBase-adornedStart-40 MuiOutlinedInput-adornedStart-26 MuiInputBase-adornedEnd-41 MuiOutlinedInput-adornedEnd-27"
          onClick={[Function]}
        >
          <fieldset
            aria-hidden={true}
            className="MuiPrivateNotchedOutline-root-53 MuiOutlinedInput-notchedOutline-30"
            style={
              Object {
                "paddingLeft": 8,
              }
            }
          >
            <legend
              className="MuiPrivateNotchedOutline-legend-54"
              style={
                Object {
                  "width": 0,
                }
              }
            >
              <span
                dangerouslySetInnerHTML={
                  Object {
                    "__html": "&#8203;",
                  }
                }
              />
            </legend>
          </fieldset>
          <div
            className="MuiInputAdornment-root-55 MuiInputAdornment-positionStart-57"
          >
            <svg
              aria-hidden="true"
              className="MuiSvgIcon-root-60"
              focusable="false"
              role="presentation"
              viewBox="0 0 24 24"
            >
              <path
                d="M15.5 14h-.79l-.28-.27C15.41 12.59 16 11.11 16 9.5 16 5.91 13.09 3 9.5 3S3 5.91 3 9.5 5.91 16 9.5 16c1.61 0 3.09-.59 4.23-1.57l.27.28v.79l5 4.99L20.49 19l-4.99-5zm-6 0C7.01 14 5 11.99 5 9.5S7.01 5 9.5 5 14 7.01 14 9.5 11.99 14 9.5 14z"
              />
              <path
                d="M0 0h24v24H0z"
                fill="none"
              />
            </svg>
          </div>
          <input
            aria-invalid={false}
            className="MuiInputBase-input-46 MuiOutlinedInput-input-31 MuiInputBase-inputAdornedStart-51 MuiOutlinedInput-inputAdornedStart-34 MuiInputBase-inputAdornedEnd-52 MuiOutlinedInput-inputAdornedEnd-35"
            disabled={false}
            name="search"
            onBlur={[Function]}
            onChange={[Function]}
            onFocus={[Function]}
            placeholder="Search"
            required={false}
            type="text"
            value=""
          />
          <div
            className="MuiInputAdornment-root-55 MuiInputAdornment-positionEnd-58"
          />
        </div>
      </div>
    </div>
    <button
      className="MuiButtonBase-root-95 MuiButton-root-69 MuiButton-contained-80 MuiButton-containedPrimary-81 MuiButton-raised-83 MuiButton-raisedPrimary-84 Search-button-84"
      disabled={false}
      onBlur={[Function]}
      onContextMenu={[Function]}
      onFocus={[Function]}
      onKeyDown={[Function]}
      onKeyUp={[Function]}
      onMouseDown={[Function]}
      onMouseLeave={[Function]}
      onMouseUp={[Function]}
      onTouchEnd={[Function]}
      onTouchMove={[Function]}
      onTouchStart={[Function]}
      tabIndex="0"
      type="submit"
    >
      <span
        className="MuiButton-label-70"
      >
        Search
      </span>
      <span
        className="MuiTouchRipple-root-98"
      />
    </button>
    <button
      className="MuiButtonBase-root-95 MuiButton-root-69 MuiButton-contained-80 MuiButton-containedPrimary-81 MuiButton-raised-83 MuiButton-raisedPrimary-84 Search-button-84"
      disabled={false}
      onBlur={[Function]}
      onClick={[Function]}
      onContextMenu={[Function]}
      onFocus={[Function]}
      onKeyDown={[Function]}
      onKeyUp={[Function]}
      onMouseDown={[Function]}
      onMouseLeave={[Function]}
      onMouseUp={[Function]}
      onTouchEnd={[Function]}
      onTouchMove={[Function]}
      onTouchStart={[Function]}
      tabIndex="0"
      type="button"
    >
      <span
        className="MuiButton-label-70"
      >
        Add to favourites
      </span>
      <span
        className="MuiTouchRipple-root-98"
      />
    </button>
  </div>
</form>
`;
